Archive member included to satisfy reference by file (symbol)

c:/program files (x86)/atollic/truestudio for stm32 9.3.0/armtools/bin/../lib/gcc/arm-atollic-eabi/6.3.1/../../../../arm-atollic-eabi/lib/armv7e-m/fpu\libc_nano.a(lib_a-init.o)
                              System\startup_stm32f429xx.o (__libc_init_array)
c:/program files (x86)/atollic/truestudio for stm32 9.3.0/armtools/bin/../lib/gcc/arm-atollic-eabi/6.3.1/../../../../arm-atollic-eabi/lib/armv7e-m/fpu\libc_nano.a(lib_a-reent.o)
                              CODE\src\syscalls.o (errno)
c:/program files (x86)/atollic/truestudio for stm32 9.3.0/armtools/bin/../lib/gcc/arm-atollic-eabi/6.3.1/../../../../arm-atollic-eabi/lib/armv7e-m/fpu\libc_nano.a(lib_a-impure.o)
                              c:/program files (x86)/atollic/truestudio for stm32 9.3.0/armtools/bin/../lib/gcc/arm-atollic-eabi/6.3.1/../../../../arm-atollic-eabi/lib/armv7e-m/fpu\libc_nano.a(lib_a-reent.o) (_impure_ptr)
c:/program files (x86)/atollic/truestudio for stm32 9.3.0/armtools/bin/../lib/gcc/arm-atollic-eabi/6.3.1/../../../../arm-atollic-eabi/lib/armv7e-m/fpu\libc_nano.a(lib_a-nano-freer.o)
                              c:/program files (x86)/atollic/truestudio for stm32 9.3.0/armtools/bin/../lib/gcc/arm-atollic-eabi/6.3.1/../../../../arm-atollic-eabi/lib/armv7e-m/fpu\libc_nano.a(lib_a-reent.o) (_free_r)
c:/program files (x86)/atollic/truestudio for stm32 9.3.0/armtools/bin/../lib/gcc/arm-atollic-eabi/6.3.1/../../../../arm-atollic-eabi/lib/armv7e-m/fpu\libc_nano.a(lib_a-nano-mallocr.o)
                              c:/program files (x86)/atollic/truestudio for stm32 9.3.0/armtools/bin/../lib/gcc/arm-atollic-eabi/6.3.1/../../../../arm-atollic-eabi/lib/armv7e-m/fpu\libc_nano.a(lib_a-nano-freer.o) (__malloc_free_list)
c:/program files (x86)/atollic/truestudio for stm32 9.3.0/armtools/bin/../lib/gcc/arm-atollic-eabi/6.3.1/../../../../arm-atollic-eabi/lib/armv7e-m/fpu\libc_nano.a(lib_a-sbrkr.o)
                              c:/program files (x86)/atollic/truestudio for stm32 9.3.0/armtools/bin/../lib/gcc/arm-atollic-eabi/6.3.1/../../../../arm-atollic-eabi/lib/armv7e-m/fpu\libc_nano.a(lib_a-nano-mallocr.o) (_sbrk_r)
c:/program files (x86)/atollic/truestudio for stm32 9.3.0/armtools/bin/../lib/gcc/arm-atollic-eabi/6.3.1/../../../../arm-atollic-eabi/lib/armv7e-m/fpu\libc_nano.a(lib_a-mlock.o)
                              c:/program files (x86)/atollic/truestudio for stm32 9.3.0/armtools/bin/../lib/gcc/arm-atollic-eabi/6.3.1/../../../../arm-atollic-eabi/lib/armv7e-m/fpu\libc_nano.a(lib_a-nano-freer.o) (__malloc_lock)

Allocating common symbols
Common symbol       size              file

errno               0x4               c:/program files (x86)/atollic/truestudio for stm32 9.3.0/armtools/bin/../lib/gcc/arm-atollic-eabi/6.3.1/../../../../arm-atollic-eabi/lib/armv7e-m/fpu\libc_nano.a(lib_a-reent.o)

Memory Configuration

Name             Origin             Length             Attributes
RAM              0x20000000         0x00030000         xrw
CCMRAM           0x10000000         0x00010000         rw
FLASH            0x08000000         0x00200000         xr
*default*        0x00000000         0xffffffff

Linker script and memory map

LOAD c:/program files (x86)/atollic/truestudio for stm32 9.3.0/armtools/bin/../lib/gcc/arm-atollic-eabi/6.3.1/armv7e-m/fpu/crti.o
LOAD c:/program files (x86)/atollic/truestudio for stm32 9.3.0/armtools/bin/../lib/gcc/arm-atollic-eabi/6.3.1/armv7e-m/fpu/crtbegin.o
LOAD CMSIS\src\system_stm32f4xx.o
LOAD CODE\src\main.o
LOAD CODE\src\syscalls.o
LOAD System\startup_stm32f429xx.o
                0x00000080                malloc_getpagesize_P = 0x80
START GROUP
LOAD c:/program files (x86)/atollic/truestudio for stm32 9.3.0/armtools/bin/../lib/gcc/arm-atollic-eabi/6.3.1/../../../../arm-atollic-eabi/lib/armv7e-m/fpu\libc_nano.a
LOAD c:/program files (x86)/atollic/truestudio for stm32 9.3.0/armtools/bin/../lib/gcc/arm-atollic-eabi/6.3.1/../../../../arm-atollic-eabi/lib/armv7e-m/fpu\libm.a
END GROUP
START GROUP
LOAD c:/program files (x86)/atollic/truestudio for stm32 9.3.0/armtools/bin/../lib/gcc/arm-atollic-eabi/6.3.1/armv7e-m/fpu\libgcc.a
LOAD c:/program files (x86)/atollic/truestudio for stm32 9.3.0/armtools/bin/../lib/gcc/arm-atollic-eabi/6.3.1/../../../../arm-atollic-eabi/lib/armv7e-m/fpu\libc_nano.a
END GROUP
START GROUP
LOAD c:/program files (x86)/atollic/truestudio for stm32 9.3.0/armtools/bin/../lib/gcc/arm-atollic-eabi/6.3.1/armv7e-m/fpu\libgcc.a
LOAD c:/program files (x86)/atollic/truestudio for stm32 9.3.0/armtools/bin/../lib/gcc/arm-atollic-eabi/6.3.1/../../../../arm-atollic-eabi/lib/armv7e-m/fpu\libc_nano.a
LOAD c:/program files (x86)/atollic/truestudio for stm32 9.3.0/armtools/bin/../lib/gcc/arm-atollic-eabi/6.3.1/../../../../arm-atollic-eabi/lib/armv7e-m/fpu\libnosys.a
END GROUP
START GROUP
LOAD c:/program files (x86)/atollic/truestudio for stm32 9.3.0/armtools/bin/../lib/gcc/arm-atollic-eabi/6.3.1/armv7e-m/fpu\libgcc.a
LOAD c:/program files (x86)/atollic/truestudio for stm32 9.3.0/armtools/bin/../lib/gcc/arm-atollic-eabi/6.3.1/../../../../arm-atollic-eabi/lib/armv7e-m/fpu\libc_nano.a
LOAD c:/program files (x86)/atollic/truestudio for stm32 9.3.0/armtools/bin/../lib/gcc/arm-atollic-eabi/6.3.1/../../../../arm-atollic-eabi/lib/armv7e-m/fpu\libnosys.a
END GROUP
LOAD c:/program files (x86)/atollic/truestudio for stm32 9.3.0/armtools/bin/../lib/gcc/arm-atollic-eabi/6.3.1/armv7e-m/fpu/crtend.o
LOAD c:/program files (x86)/atollic/truestudio for stm32 9.3.0/armtools/bin/../lib/gcc/arm-atollic-eabi/6.3.1/armv7e-m/fpu/crtn.o
                0x20030000                _estack = 0x20030000
                0x00000200                _Min_Heap_Size = 0x200
                0x00000400                _Min_Stack_Size = 0x400

.isr_vector     0x08000000      0x1ac
                0x08000000                . = ALIGN (0x4)
 *(.isr_vector)
 .isr_vector    0x08000000      0x1ac System\startup_stm32f429xx.o
                0x08000000                g_pfnVectors
                0x080001ac                . = ALIGN (0x4)

.text           0x080001ac      0x99c
                0x080001ac                . = ALIGN (0x4)
 *(.text)
 .text          0x080001ac        0x0 c:/program files (x86)/atollic/truestudio for stm32 9.3.0/armtools/bin/../lib/gcc/arm-atollic-eabi/6.3.1/armv7e-m/fpu/crti.o
 .text          0x080001ac       0x40 c:/program files (x86)/atollic/truestudio for stm32 9.3.0/armtools/bin/../lib/gcc/arm-atollic-eabi/6.3.1/armv7e-m/fpu/crtbegin.o
 .text          0x080001ec      0x160 CMSIS\src\system_stm32f4xx.o
                0x080001ec                SystemInit
                0x08000258                SystemCoreClockUpdate
 .text          0x0800034c      0x17c CODE\src\main.o
                0x08000388                delay
                0x080003c6                initLeds
                0x0800040c                initTimer
                0x08000458                main
                0x08000466                TIM6_DAC_IRQHandler
 .text          0x080004c8      0x364 CODE\src\syscalls.o
                0x08000516                initialise_monitor_handles
                0x08000524                _getpid
                0x08000540                _gettimeofday
                0x08000564                _kill
                0x08000588                _exit
                0x08000592                _write
                0x080005ca                _sbrk
                0x08000608                _close
                0x0800062c                _fstat
                0x08000650                _isatty
                0x08000670                _lseek
                0x08000698                _read
                0x080006c0                _readlink
                0x080006e8                _open
                0x08000710                _wait
                0x08000734                _unlink
                0x08000758                _times
                0x0800077c                _stat
                0x080007a0                _symlink
                0x080007c4                _link
                0x080007e8                _fork
                0x08000804                _execve
 .text          0x0800082c       0x14 System\startup_stm32f429xx.o
 .text          0x08000840        0x0 c:/program files (x86)/atollic/truestudio for stm32 9.3.0/armtools/bin/../lib/gcc/arm-atollic-eabi/6.3.1/../../../../arm-atollic-eabi/lib/armv7e-m/fpu\libc_nano.a(lib_a-init.o)
 .text          0x08000840        0x0 c:/program files (x86)/atollic/truestudio for stm32 9.3.0/armtools/bin/../lib/gcc/arm-atollic-eabi/6.3.1/../../../../arm-atollic-eabi/lib/armv7e-m/fpu\libc_nano.a(lib_a-reent.o)
 .text          0x08000840        0x0 c:/program files (x86)/atollic/truestudio for stm32 9.3.0/armtools/bin/../lib/gcc/arm-atollic-eabi/6.3.1/../../../../arm-atollic-eabi/lib/armv7e-m/fpu\libc_nano.a(lib_a-impure.o)
 .text          0x08000840        0x0 c:/program files (x86)/atollic/truestudio for stm32 9.3.0/armtools/bin/../lib/gcc/arm-atollic-eabi/6.3.1/../../../../arm-atollic-eabi/lib/armv7e-m/fpu\libc_nano.a(lib_a-nano-freer.o)
 .text          0x08000840        0x0 c:/program files (x86)/atollic/truestudio for stm32 9.3.0/armtools/bin/../lib/gcc/arm-atollic-eabi/6.3.1/../../../../arm-atollic-eabi/lib/armv7e-m/fpu\libc_nano.a(lib_a-nano-mallocr.o)
 .text          0x08000840        0x0 c:/program files (x86)/atollic/truestudio for stm32 9.3.0/armtools/bin/../lib/gcc/arm-atollic-eabi/6.3.1/../../../../arm-atollic-eabi/lib/armv7e-m/fpu\libc_nano.a(lib_a-sbrkr.o)
 .text          0x08000840        0x0 c:/program files (x86)/atollic/truestudio for stm32 9.3.0/armtools/bin/../lib/gcc/arm-atollic-eabi/6.3.1/../../../../arm-atollic-eabi/lib/armv7e-m/fpu\libc_nano.a(lib_a-mlock.o)
 .text          0x08000840        0x0 c:/program files (x86)/atollic/truestudio for stm32 9.3.0/armtools/bin/../lib/gcc/arm-atollic-eabi/6.3.1/armv7e-m/fpu/crtend.o
 .text          0x08000840        0x0 c:/program files (x86)/atollic/truestudio for stm32 9.3.0/armtools/bin/../lib/gcc/arm-atollic-eabi/6.3.1/armv7e-m/fpu/crtn.o
 *(.text*)
 .text.Reset_Handler
                0x08000840       0x50 System\startup_stm32f429xx.o
                0x08000840                Reset_Handler
 .text.Default_Handler
                0x08000890        0x2 System\startup_stm32f429xx.o
                0x08000890                RTC_Alarm_IRQHandler
                0x08000890                HASH_RNG_IRQHandler
                0x08000890                EXTI2_IRQHandler
                0x08000890                TIM8_CC_IRQHandler
                0x08000890                DebugMon_Handler
                0x08000890                UART8_IRQHandler
                0x08000890                SPI4_IRQHandler
                0x08000890                TIM1_CC_IRQHandler
                0x08000890                DMA2_Stream5_IRQHandler
                0x08000890                HardFault_Handler
                0x08000890                DMA1_Stream5_IRQHandler
                0x08000890                SysTick_Handler
                0x08000890                PVD_IRQHandler
                0x08000890                SDIO_IRQHandler
                0x08000890                TAMP_STAMP_IRQHandler
                0x08000890                PendSV_Handler
                0x08000890                NMI_Handler
                0x08000890                CAN2_RX1_IRQHandler
                0x08000890                EXTI3_IRQHandler
                0x08000890                TIM8_TRG_COM_TIM14_IRQHandler
                0x08000890                TIM1_UP_TIM10_IRQHandler
                0x08000890                TIM8_UP_TIM13_IRQHandler
                0x08000890                I2C3_ER_IRQHandler
                0x08000890                EXTI0_IRQHandler
                0x08000890                I2C2_EV_IRQHandler
                0x08000890                DMA1_Stream2_IRQHandler
                0x08000890                CAN1_RX0_IRQHandler
                0x08000890                FPU_IRQHandler
                0x08000890                OTG_HS_WKUP_IRQHandler
                0x08000890                UsageFault_Handler
                0x08000890                LTDC_ER_IRQHandler
                0x08000890                CAN2_SCE_IRQHandler
                0x08000890                DMA2_Stream2_IRQHandler
                0x08000890                SPI1_IRQHandler
                0x08000890                TIM1_BRK_TIM9_IRQHandler
                0x08000890                DCMI_IRQHandler
                0x08000890                CAN2_RX0_IRQHandler
                0x08000890                DMA2_Stream3_IRQHandler
                0x08000890                USART6_IRQHandler
                0x08000890                USART3_IRQHandler
                0x08000890                CAN1_RX1_IRQHandler
                0x08000890                UART5_IRQHandler
                0x08000890                DMA2_Stream0_IRQHandler
                0x08000890                TIM4_IRQHandler
                0x08000890                I2C1_EV_IRQHandler
                0x08000890                DMA1_Stream6_IRQHandler
                0x08000890                DMA1_Stream1_IRQHandler
                0x08000890                UART4_IRQHandler
                0x08000890                TIM3_IRQHandler
                0x08000890                RCC_IRQHandler
                0x08000890                TIM8_BRK_TIM12_IRQHandler
                0x08000890                Default_Handler
                0x08000890                EXTI15_10_IRQHandler
                0x08000890                ADC_IRQHandler
                0x08000890                DMA1_Stream7_IRQHandler
                0x08000890                SPI5_IRQHandler
                0x08000890                TIM7_IRQHandler
                0x08000890                CAN2_TX_IRQHandler
                0x08000890                TIM5_IRQHandler
                0x08000890                DMA2_Stream7_IRQHandler
                0x08000890                I2C3_EV_IRQHandler
                0x08000890                EXTI9_5_IRQHandler
                0x08000890                RTC_WKUP_IRQHandler
                0x08000890                LTDC_IRQHandler
                0x08000890                ETH_WKUP_IRQHandler
                0x08000890                SPI2_IRQHandler
                0x08000890                OTG_HS_EP1_IN_IRQHandler
                0x08000890                MemManage_Handler
                0x08000890                DMA1_Stream0_IRQHandler
                0x08000890                CAN1_TX_IRQHandler
                0x08000890                SVC_Handler
                0x08000890                EXTI4_IRQHandler
                0x08000890                ETH_IRQHandler
                0x08000890                OTG_HS_EP1_OUT_IRQHandler
                0x08000890                WWDG_IRQHandler
                0x08000890                SPI6_IRQHandler
                0x08000890                TIM2_IRQHandler
                0x08000890                OTG_FS_WKUP_IRQHandler
                0x08000890                TIM1_TRG_COM_TIM11_IRQHandler
                0x08000890                OTG_HS_IRQHandler
                0x08000890                DMA2D_IRQHandler
                0x08000890                EXTI1_IRQHandler
                0x08000890                UART7_IRQHandler
                0x08000890                USART2_IRQHandler
                0x08000890                I2C2_ER_IRQHandler
                0x08000890                DMA2_Stream1_IRQHandler
                0x08000890                CAN1_SCE_IRQHandler
                0x08000890                FLASH_IRQHandler
                0x08000890                DMA2_Stream4_IRQHandler
                0x08000890                BusFault_Handler
                0x08000890                USART1_IRQHandler
                0x08000890                OTG_FS_IRQHandler
                0x08000890                SPI3_IRQHandler
                0x08000890                DMA1_Stream4_IRQHandler
                0x08000890                I2C1_ER_IRQHandler
                0x08000890                FMC_IRQHandler
                0x08000890                DMA2_Stream6_IRQHandler
                0x08000890                SAI1_IRQHandler
                0x08000890                DMA1_Stream3_IRQHandler
 *fill*         0x08000892        0x2 
 .text.__libc_init_array
                0x08000894       0x48 c:/program files (x86)/atollic/truestudio for stm32 9.3.0/armtools/bin/../lib/gcc/arm-atollic-eabi/6.3.1/../../../../arm-atollic-eabi/lib/armv7e-m/fpu\libc_nano.a(lib_a-init.o)
                0x08000894                __libc_init_array
 .text.cleanup_glue
                0x080008dc       0x1a c:/program files (x86)/atollic/truestudio for stm32 9.3.0/armtools/bin/../lib/gcc/arm-atollic-eabi/6.3.1/../../../../arm-atollic-eabi/lib/armv7e-m/fpu\libc_nano.a(lib_a-reent.o)
                0x080008dc                cleanup_glue
 *fill*         0x080008f6        0x2 
 .text._reclaim_reent
                0x080008f8       0xb8 c:/program files (x86)/atollic/truestudio for stm32 9.3.0/armtools/bin/../lib/gcc/arm-atollic-eabi/6.3.1/../../../../arm-atollic-eabi/lib/armv7e-m/fpu\libc_nano.a(lib_a-reent.o)
                0x080008f8                _reclaim_reent
 .text._free_r  0x080009b0       0x9c c:/program files (x86)/atollic/truestudio for stm32 9.3.0/armtools/bin/../lib/gcc/arm-atollic-eabi/6.3.1/../../../../arm-atollic-eabi/lib/armv7e-m/fpu\libc_nano.a(lib_a-nano-freer.o)
                0x080009b0                _free_r
 .text._malloc_r
                0x08000a4c       0xbc c:/program files (x86)/atollic/truestudio for stm32 9.3.0/armtools/bin/../lib/gcc/arm-atollic-eabi/6.3.1/../../../../arm-atollic-eabi/lib/armv7e-m/fpu\libc_nano.a(lib_a-nano-mallocr.o)
                0x08000a4c                _malloc_r
 .text._sbrk_r  0x08000b08       0x20 c:/program files (x86)/atollic/truestudio for stm32 9.3.0/armtools/bin/../lib/gcc/arm-atollic-eabi/6.3.1/../../../../arm-atollic-eabi/lib/armv7e-m/fpu\libc_nano.a(lib_a-sbrkr.o)
                0x08000b08                _sbrk_r
 .text.__malloc_lock
                0x08000b28        0x2 c:/program files (x86)/atollic/truestudio for stm32 9.3.0/armtools/bin/../lib/gcc/arm-atollic-eabi/6.3.1/../../../../arm-atollic-eabi/lib/armv7e-m/fpu\libc_nano.a(lib_a-mlock.o)
                0x08000b28                __malloc_lock
 .text.__malloc_unlock
                0x08000b2a        0x2 c:/program files (x86)/atollic/truestudio for stm32 9.3.0/armtools/bin/../lib/gcc/arm-atollic-eabi/6.3.1/../../../../arm-atollic-eabi/lib/armv7e-m/fpu\libc_nano.a(lib_a-mlock.o)
                0x08000b2a                __malloc_unlock
 *(.glue_7)
 .glue_7        0x08000b2c        0x0 linker stubs
 *(.glue_7t)
 .glue_7t       0x08000b2c        0x0 linker stubs
 *(.eh_frame)
 .eh_frame      0x08000b2c        0x0 c:/program files (x86)/atollic/truestudio for stm32 9.3.0/armtools/bin/../lib/gcc/arm-atollic-eabi/6.3.1/armv7e-m/fpu/crtbegin.o
 .eh_frame      0x08000b2c        0x4 c:/program files (x86)/atollic/truestudio for stm32 9.3.0/armtools/bin/../lib/gcc/arm-atollic-eabi/6.3.1/armv7e-m/fpu/crtend.o
 *(.init)
 .init          0x08000b30        0x4 c:/program files (x86)/atollic/truestudio for stm32 9.3.0/armtools/bin/../lib/gcc/arm-atollic-eabi/6.3.1/armv7e-m/fpu/crti.o
                0x08000b30                _init
 .init          0x08000b34        0x8 c:/program files (x86)/atollic/truestudio for stm32 9.3.0/armtools/bin/../lib/gcc/arm-atollic-eabi/6.3.1/armv7e-m/fpu/crtn.o
 *(.fini)
 .fini          0x08000b3c        0x4 c:/program files (x86)/atollic/truestudio for stm32 9.3.0/armtools/bin/../lib/gcc/arm-atollic-eabi/6.3.1/armv7e-m/fpu/crti.o
                0x08000b3c                _fini
 .fini          0x08000b40        0x8 c:/program files (x86)/atollic/truestudio for stm32 9.3.0/armtools/bin/../lib/gcc/arm-atollic-eabi/6.3.1/armv7e-m/fpu/crtn.o
                0x08000b48                . = ALIGN (0x4)
                0x08000b48                _etext = .

.vfp11_veneer   0x08000b48        0x0
 .vfp11_veneer  0x08000b48        0x0 linker stubs

.v4_bx          0x08000b48        0x0
 .v4_bx         0x08000b48        0x0 linker stubs

.iplt           0x08000b48        0x0
 .iplt          0x08000b48        0x0 c:/program files (x86)/atollic/truestudio for stm32 9.3.0/armtools/bin/../lib/gcc/arm-atollic-eabi/6.3.1/armv7e-m/fpu/crtbegin.o

.rodata         0x08000b48       0x1c
                0x08000b48                . = ALIGN (0x4)
 *(.rodata)
 .rodata        0x08000b48       0x18 CMSIS\src\system_stm32f4xx.o
                0x08000b48                AHBPrescTable
                0x08000b58                APBPrescTable
 *(.rodata*)
 .rodata._global_impure_ptr
                0x08000b60        0x4 c:/program files (x86)/atollic/truestudio for stm32 9.3.0/armtools/bin/../lib/gcc/arm-atollic-eabi/6.3.1/../../../../arm-atollic-eabi/lib/armv7e-m/fpu\libc_nano.a(lib_a-impure.o)
                0x08000b60                _global_impure_ptr
                0x08000b64                . = ALIGN (0x4)

.rel.dyn        0x08000b64        0x0
 .rel.iplt      0x08000b64        0x0 c:/program files (x86)/atollic/truestudio for stm32 9.3.0/armtools/bin/../lib/gcc/arm-atollic-eabi/6.3.1/armv7e-m/fpu/crtbegin.o

.ARM.extab
 *(.ARM.extab* .gnu.linkonce.armextab.*)

.ARM            0x08000b64        0x0
                0x08000b64                __exidx_start = .
 *(.ARM.exidx*)
                0x08000b64                __exidx_end = .

.preinit_array  0x08000b64        0x0
                0x08000b64                PROVIDE (__preinit_array_start, .)
 *(.preinit_array*)
                0x08000b64                PROVIDE (__preinit_array_end, .)

.init_array     0x08000b64        0x4
                0x08000b64                PROVIDE (__init_array_start, .)
 *(SORT(.init_array.*))
 *(.init_array*)
 .init_array    0x08000b64        0x4 c:/program files (x86)/atollic/truestudio for stm32 9.3.0/armtools/bin/../lib/gcc/arm-atollic-eabi/6.3.1/armv7e-m/fpu/crtbegin.o
                0x08000b68                PROVIDE (__init_array_end, .)

.fini_array     0x08000b68        0x4
                [!provide]                PROVIDE (__fini_array_start, .)
 *(SORT(.fini_array.*))
 *(.fini_array*)
 .fini_array    0x08000b68        0x4 c:/program files (x86)/atollic/truestudio for stm32 9.3.0/armtools/bin/../lib/gcc/arm-atollic-eabi/6.3.1/armv7e-m/fpu/crtbegin.o
                [!provide]                PROVIDE (__fini_array_end, .)
                0x08000b6c                _sidata = LOADADDR (.data)

.data           0x20000000       0x70 load address 0x08000b6c
                0x20000000                . = ALIGN (0x4)
                0x20000000                _sdata = .
 *(.data)
 .data          0x20000000        0x0 c:/program files (x86)/atollic/truestudio for stm32 9.3.0/armtools/bin/../lib/gcc/arm-atollic-eabi/6.3.1/armv7e-m/fpu/crti.o
 .data          0x20000000        0x4 c:/program files (x86)/atollic/truestudio for stm32 9.3.0/armtools/bin/../lib/gcc/arm-atollic-eabi/6.3.1/armv7e-m/fpu/crtbegin.o
                0x20000000                __dso_handle
 .data          0x20000004        0x4 CMSIS\src\system_stm32f4xx.o
                0x20000004                SystemCoreClock
 .data          0x20000008        0x0 CODE\src\main.o
 .data          0x20000008        0x4 CODE\src\syscalls.o
                0x20000008                environ
 .data          0x2000000c        0x0 System\startup_stm32f429xx.o
 .data          0x2000000c        0x0 c:/program files (x86)/atollic/truestudio for stm32 9.3.0/armtools/bin/../lib/gcc/arm-atollic-eabi/6.3.1/../../../../arm-atollic-eabi/lib/armv7e-m/fpu\libc_nano.a(lib_a-init.o)
 .data          0x2000000c        0x0 c:/program files (x86)/atollic/truestudio for stm32 9.3.0/armtools/bin/../lib/gcc/arm-atollic-eabi/6.3.1/../../../../arm-atollic-eabi/lib/armv7e-m/fpu\libc_nano.a(lib_a-reent.o)
 .data          0x2000000c        0x0 c:/program files (x86)/atollic/truestudio for stm32 9.3.0/armtools/bin/../lib/gcc/arm-atollic-eabi/6.3.1/../../../../arm-atollic-eabi/lib/armv7e-m/fpu\libc_nano.a(lib_a-impure.o)
 .data          0x2000000c        0x0 c:/program files (x86)/atollic/truestudio for stm32 9.3.0/armtools/bin/../lib/gcc/arm-atollic-eabi/6.3.1/../../../../arm-atollic-eabi/lib/armv7e-m/fpu\libc_nano.a(lib_a-nano-freer.o)
 .data          0x2000000c        0x0 c:/program files (x86)/atollic/truestudio for stm32 9.3.0/armtools/bin/../lib/gcc/arm-atollic-eabi/6.3.1/../../../../arm-atollic-eabi/lib/armv7e-m/fpu\libc_nano.a(lib_a-nano-mallocr.o)
 .data          0x2000000c        0x0 c:/program files (x86)/atollic/truestudio for stm32 9.3.0/armtools/bin/../lib/gcc/arm-atollic-eabi/6.3.1/../../../../arm-atollic-eabi/lib/armv7e-m/fpu\libc_nano.a(lib_a-sbrkr.o)
 .data          0x2000000c        0x0 c:/program files (x86)/atollic/truestudio for stm32 9.3.0/armtools/bin/../lib/gcc/arm-atollic-eabi/6.3.1/../../../../arm-atollic-eabi/lib/armv7e-m/fpu\libc_nano.a(lib_a-mlock.o)
 .data          0x2000000c        0x0 c:/program files (x86)/atollic/truestudio for stm32 9.3.0/armtools/bin/../lib/gcc/arm-atollic-eabi/6.3.1/armv7e-m/fpu/crtend.o
 .data          0x2000000c        0x0 c:/program files (x86)/atollic/truestudio for stm32 9.3.0/armtools/bin/../lib/gcc/arm-atollic-eabi/6.3.1/armv7e-m/fpu/crtn.o
 *(.data*)
 .data._impure_ptr
                0x2000000c        0x4 c:/program files (x86)/atollic/truestudio for stm32 9.3.0/armtools/bin/../lib/gcc/arm-atollic-eabi/6.3.1/../../../../arm-atollic-eabi/lib/armv7e-m/fpu\libc_nano.a(lib_a-impure.o)
                0x2000000c                _impure_ptr
 .data.impure_data
                0x20000010       0x60 c:/program files (x86)/atollic/truestudio for stm32 9.3.0/armtools/bin/../lib/gcc/arm-atollic-eabi/6.3.1/../../../../arm-atollic-eabi/lib/armv7e-m/fpu\libc_nano.a(lib_a-impure.o)
                0x20000070                . = ALIGN (0x4)
                0x20000070                _edata = .
                0x08000bdc                _siccmram = LOADADDR (.ccmram)

.igot.plt       0x20000070        0x0 load address 0x08000bdc
 .igot.plt      0x20000070        0x0 c:/program files (x86)/atollic/truestudio for stm32 9.3.0/armtools/bin/../lib/gcc/arm-atollic-eabi/6.3.1/armv7e-m/fpu/crtbegin.o

.ccmram         0x10000000        0x0 load address 0x08000bdc
                0x10000000                . = ALIGN (0x4)
                0x10000000                _sccmram = .
 *(.ccmram)
 *(.ccmram*)
                0x10000000                . = ALIGN (0x4)
                0x10000000                _eccmram = .
                0x10000000                . = ALIGN (0x4)

.bss            0x20000070       0x34
                0x20000070                _sbss = .
                0x20000070                __bss_start__ = _sbss
 *(.bss)
 .bss           0x20000070        0x0 c:/program files (x86)/atollic/truestudio for stm32 9.3.0/armtools/bin/../lib/gcc/arm-atollic-eabi/6.3.1/armv7e-m/fpu/crti.o
 .bss           0x20000070       0x1c c:/program files (x86)/atollic/truestudio for stm32 9.3.0/armtools/bin/../lib/gcc/arm-atollic-eabi/6.3.1/armv7e-m/fpu/crtbegin.o
 .bss           0x2000008c        0x0 CMSIS\src\system_stm32f4xx.o
 .bss           0x2000008c        0x4 CODE\src\main.o
                0x2000008c                cnt
 .bss           0x20000090        0x8 CODE\src\syscalls.o
                0x20000090                __env
 .bss           0x20000098        0x0 System\startup_stm32f429xx.o
 .bss           0x20000098        0x0 c:/program files (x86)/atollic/truestudio for stm32 9.3.0/armtools/bin/../lib/gcc/arm-atollic-eabi/6.3.1/../../../../arm-atollic-eabi/lib/armv7e-m/fpu\libc_nano.a(lib_a-init.o)
 .bss           0x20000098        0x0 c:/program files (x86)/atollic/truestudio for stm32 9.3.0/armtools/bin/../lib/gcc/arm-atollic-eabi/6.3.1/../../../../arm-atollic-eabi/lib/armv7e-m/fpu\libc_nano.a(lib_a-reent.o)
 .bss           0x20000098        0x0 c:/program files (x86)/atollic/truestudio for stm32 9.3.0/armtools/bin/../lib/gcc/arm-atollic-eabi/6.3.1/../../../../arm-atollic-eabi/lib/armv7e-m/fpu\libc_nano.a(lib_a-impure.o)
 .bss           0x20000098        0x0 c:/program files (x86)/atollic/truestudio for stm32 9.3.0/armtools/bin/../lib/gcc/arm-atollic-eabi/6.3.1/../../../../arm-atollic-eabi/lib/armv7e-m/fpu\libc_nano.a(lib_a-nano-freer.o)
 .bss           0x20000098        0x0 c:/program files (x86)/atollic/truestudio for stm32 9.3.0/armtools/bin/../lib/gcc/arm-atollic-eabi/6.3.1/../../../../arm-atollic-eabi/lib/armv7e-m/fpu\libc_nano.a(lib_a-nano-mallocr.o)
 .bss           0x20000098        0x0 c:/program files (x86)/atollic/truestudio for stm32 9.3.0/armtools/bin/../lib/gcc/arm-atollic-eabi/6.3.1/../../../../arm-atollic-eabi/lib/armv7e-m/fpu\libc_nano.a(lib_a-sbrkr.o)
 .bss           0x20000098        0x0 c:/program files (x86)/atollic/truestudio for stm32 9.3.0/armtools/bin/../lib/gcc/arm-atollic-eabi/6.3.1/../../../../arm-atollic-eabi/lib/armv7e-m/fpu\libc_nano.a(lib_a-mlock.o)
 .bss           0x20000098        0x0 c:/program files (x86)/atollic/truestudio for stm32 9.3.0/armtools/bin/../lib/gcc/arm-atollic-eabi/6.3.1/armv7e-m/fpu/crtend.o
 .bss           0x20000098        0x0 c:/program files (x86)/atollic/truestudio for stm32 9.3.0/armtools/bin/../lib/gcc/arm-atollic-eabi/6.3.1/armv7e-m/fpu/crtn.o
 *(.bss*)
 .bss.__malloc_free_list
                0x20000098        0x4 c:/program files (x86)/atollic/truestudio for stm32 9.3.0/armtools/bin/../lib/gcc/arm-atollic-eabi/6.3.1/../../../../arm-atollic-eabi/lib/armv7e-m/fpu\libc_nano.a(lib_a-nano-mallocr.o)
                0x20000098                __malloc_free_list
 .bss.__malloc_sbrk_start
                0x2000009c        0x4 c:/program files (x86)/atollic/truestudio for stm32 9.3.0/armtools/bin/../lib/gcc/arm-atollic-eabi/6.3.1/../../../../arm-atollic-eabi/lib/armv7e-m/fpu\libc_nano.a(lib_a-nano-mallocr.o)
                0x2000009c                __malloc_sbrk_start
 *(COMMON)
 COMMON         0x200000a0        0x4 c:/program files (x86)/atollic/truestudio for stm32 9.3.0/armtools/bin/../lib/gcc/arm-atollic-eabi/6.3.1/../../../../arm-atollic-eabi/lib/armv7e-m/fpu\libc_nano.a(lib_a-reent.o)
                0x200000a0                errno
                0x200000a4                . = ALIGN (0x4)
                0x200000a4                _ebss = .
                0x200000a4                __bss_end__ = _ebss

._user_heap_stack
                0x200000a4      0x604
                0x200000a8                . = ALIGN (0x8)
 *fill*         0x200000a4        0x4 
                0x200000a8                PROVIDE (end, .)
                [!provide]                PROVIDE (_end, .)
                0x200002a8                . = (. + _Min_Heap_Size)
 *fill*         0x200000a8      0x200 
                0x200006a8                . = (. + _Min_Stack_Size)
 *fill*         0x200002a8      0x400 
                0x200006a8                . = ALIGN (0x8)

/DISCARD/
 libc.a(*)
 libm.a(*)
 libgcc.a(*)

.ARM.attributes
                0x00000000       0x30
 *(.ARM.attributes)
 .ARM.attributes
                0x00000000       0x22 c:/program files (x86)/atollic/truestudio for stm32 9.3.0/armtools/bin/../lib/gcc/arm-atollic-eabi/6.3.1/armv7e-m/fpu/crti.o
 .ARM.attributes
                0x00000022       0x34 c:/program files (x86)/atollic/truestudio for stm32 9.3.0/armtools/bin/../lib/gcc/arm-atollic-eabi/6.3.1/armv7e-m/fpu/crtbegin.o
 .ARM.attributes
                0x00000056       0x39 CMSIS\src\system_stm32f4xx.o
 .ARM.attributes
                0x0000008f       0x39 CODE\src\main.o
 .ARM.attributes
                0x000000c8       0x39 CODE\src\syscalls.o
 .ARM.attributes
                0x00000101       0x21 System\startup_stm32f429xx.o
 .ARM.attributes
                0x00000122       0x34 c:/program files (x86)/atollic/truestudio for stm32 9.3.0/armtools/bin/../lib/gcc/arm-atollic-eabi/6.3.1/../../../../arm-atollic-eabi/lib/armv7e-m/fpu\libc_nano.a(lib_a-init.o)
 .ARM.attributes
                0x00000156       0x34 c:/program files (x86)/atollic/truestudio for stm32 9.3.0/armtools/bin/../lib/gcc/arm-atollic-eabi/6.3.1/../../../../arm-atollic-eabi/lib/armv7e-m/fpu\libc_nano.a(lib_a-reent.o)
 .ARM.attributes
                0x0000018a       0x34 c:/program files (x86)/atollic/truestudio for stm32 9.3.0/armtools/bin/../lib/gcc/arm-atollic-eabi/6.3.1/../../../../arm-atollic-eabi/lib/armv7e-m/fpu\libc_nano.a(lib_a-impure.o)
 .ARM.attributes
                0x000001be       0x34 c:/program files (x86)/atollic/truestudio for stm32 9.3.0/armtools/bin/../lib/gcc/arm-atollic-eabi/6.3.1/../../../../arm-atollic-eabi/lib/armv7e-m/fpu\libc_nano.a(lib_a-nano-freer.o)
 .ARM.attributes
                0x000001f2       0x34 c:/program files (x86)/atollic/truestudio for stm32 9.3.0/armtools/bin/../lib/gcc/arm-atollic-eabi/6.3.1/../../../../arm-atollic-eabi/lib/armv7e-m/fpu\libc_nano.a(lib_a-nano-mallocr.o)
 .ARM.attributes
                0x00000226       0x34 c:/program files (x86)/atollic/truestudio for stm32 9.3.0/armtools/bin/../lib/gcc/arm-atollic-eabi/6.3.1/../../../../arm-atollic-eabi/lib/armv7e-m/fpu\libc_nano.a(lib_a-sbrkr.o)
 .ARM.attributes
                0x0000025a       0x34 c:/program files (x86)/atollic/truestudio for stm32 9.3.0/armtools/bin/../lib/gcc/arm-atollic-eabi/6.3.1/../../../../arm-atollic-eabi/lib/armv7e-m/fpu\libc_nano.a(lib_a-mlock.o)
 .ARM.attributes
                0x0000028e       0x34 c:/program files (x86)/atollic/truestudio for stm32 9.3.0/armtools/bin/../lib/gcc/arm-atollic-eabi/6.3.1/armv7e-m/fpu/crtend.o
 .ARM.attributes
                0x000002c2       0x22 c:/program files (x86)/atollic/truestudio for stm32 9.3.0/armtools/bin/../lib/gcc/arm-atollic-eabi/6.3.1/armv7e-m/fpu/crtn.o
OUTPUT(Test.elf elf32-littlearm)

.debug_info     0x00000000     0x29d1
 .debug_info    0x00000000      0x518 CMSIS\src\system_stm32f4xx.o
 .debug_info    0x00000518     0x112c CODE\src\main.o
 .debug_info    0x00001644     0x1325 CODE\src\syscalls.o
 .debug_info    0x00002969       0x68 System\startup_stm32f429xx.o

.debug_abbrev   0x00000000      0x69a
 .debug_abbrev  0x00000000      0x10e CMSIS\src\system_stm32f4xx.o
 .debug_abbrev  0x0000010e      0x2ae CODE\src\main.o
 .debug_abbrev  0x000003bc      0x2cc CODE\src\syscalls.o
 .debug_abbrev  0x00000688       0x12 System\startup_stm32f429xx.o

.debug_aranges  0x00000000       0x88
 .debug_aranges
                0x00000000       0x20 CMSIS\src\system_stm32f4xx.o
 .debug_aranges
                0x00000020       0x20 CODE\src\main.o
 .debug_aranges
                0x00000040       0x20 CODE\src\syscalls.o
 .debug_aranges
                0x00000060       0x28 System\startup_stm32f429xx.o

.debug_line     0x00000000      0x84d
 .debug_line    0x00000000      0x1b3 CMSIS\src\system_stm32f4xx.o
 .debug_line    0x000001b3      0x2e1 CODE\src\main.o
 .debug_line    0x00000494      0x33b CODE\src\syscalls.o
 .debug_line    0x000007cf       0x7e System\startup_stm32f429xx.o

.debug_str      0x00000000     0x106c
 .debug_str     0x00000000      0x332 CMSIS\src\system_stm32f4xx.o
                                0x384 (size before relaxing)
 .debug_str     0x00000332      0xa52 CODE\src\main.o
                                0xd7e (size before relaxing)
 .debug_str     0x00000d84      0x2e8 CODE\src\syscalls.o
                                0x9ad (size before relaxing)

.comment        0x00000000       0x7c
 .comment       0x00000000       0x7c CMSIS\src\system_stm32f4xx.o
                                 0x7d (size before relaxing)
 .comment       0x0000007c       0x7d CODE\src\main.o
 .comment       0x0000007c       0x7d CODE\src\syscalls.o

.debug_frame    0x00000000      0x5f8
 .debug_frame   0x00000000       0x58 CMSIS\src\system_stm32f4xx.o
 .debug_frame   0x00000058       0xd8 CODE\src\main.o
 .debug_frame   0x00000130      0x380 CODE\src\syscalls.o
 .debug_frame   0x000004b0       0x2c c:/program files (x86)/atollic/truestudio for stm32 9.3.0/armtools/bin/../lib/gcc/arm-atollic-eabi/6.3.1/../../../../arm-atollic-eabi/lib/armv7e-m/fpu\libc_nano.a(lib_a-init.o)
 .debug_frame   0x000004dc       0x5c c:/program files (x86)/atollic/truestudio for stm32 9.3.0/armtools/bin/../lib/gcc/arm-atollic-eabi/6.3.1/../../../../arm-atollic-eabi/lib/armv7e-m/fpu\libc_nano.a(lib_a-reent.o)
 .debug_frame   0x00000538       0x38 c:/program files (x86)/atollic/truestudio for stm32 9.3.0/armtools/bin/../lib/gcc/arm-atollic-eabi/6.3.1/../../../../arm-atollic-eabi/lib/armv7e-m/fpu\libc_nano.a(lib_a-nano-freer.o)
 .debug_frame   0x00000570       0x2c c:/program files (x86)/atollic/truestudio for stm32 9.3.0/armtools/bin/../lib/gcc/arm-atollic-eabi/6.3.1/../../../../arm-atollic-eabi/lib/armv7e-m/fpu\libc_nano.a(lib_a-nano-mallocr.o)
 .debug_frame   0x0000059c       0x2c c:/program files (x86)/atollic/truestudio for stm32 9.3.0/armtools/bin/../lib/gcc/arm-atollic-eabi/6.3.1/../../../../arm-atollic-eabi/lib/armv7e-m/fpu\libc_nano.a(lib_a-sbrkr.o)
 .debug_frame   0x000005c8       0x30 c:/program files (x86)/atollic/truestudio for stm32 9.3.0/armtools/bin/../lib/gcc/arm-atollic-eabi/6.3.1/../../../../arm-atollic-eabi/lib/armv7e-m/fpu\libc_nano.a(lib_a-mlock.o)

.debug_ranges   0x00000000       0x20
 .debug_ranges  0x00000000       0x20 System\startup_stm32f429xx.o

Cross Reference Table

Symbol                                            File
ADC_IRQHandler                                    System\startup_stm32f429xx.o
AHBPrescTable                                     CMSIS\src\system_stm32f4xx.o
APBPrescTable                                     CMSIS\src\system_stm32f4xx.o
BusFault_Handler                                  System\startup_stm32f429xx.o
CAN1_RX0_IRQHandler                               System\startup_stm32f429xx.o
CAN1_RX1_IRQHandler                               System\startup_stm32f429xx.o
CAN1_SCE_IRQHandler                               System\startup_stm32f429xx.o
CAN1_TX_IRQHandler                                System\startup_stm32f429xx.o
CAN2_RX0_IRQHandler                               System\startup_stm32f429xx.o
CAN2_RX1_IRQHandler                               System\startup_stm32f429xx.o
CAN2_SCE_IRQHandler                               System\startup_stm32f429xx.o
CAN2_TX_IRQHandler                                System\startup_stm32f429xx.o
DCMI_IRQHandler                                   System\startup_stm32f429xx.o
DMA1_Stream0_IRQHandler                           System\startup_stm32f429xx.o
DMA1_Stream1_IRQHandler                           System\startup_stm32f429xx.o
DMA1_Stream2_IRQHandler                           System\startup_stm32f429xx.o
DMA1_Stream3_IRQHandler                           System\startup_stm32f429xx.o
DMA1_Stream4_IRQHandler                           System\startup_stm32f429xx.o
DMA1_Stream5_IRQHandler                           System\startup_stm32f429xx.o
DMA1_Stream6_IRQHandler                           System\startup_stm32f429xx.o
DMA1_Stream7_IRQHandler                           System\startup_stm32f429xx.o
DMA2D_IRQHandler                                  System\startup_stm32f429xx.o
DMA2_Stream0_IRQHandler                           System\startup_stm32f429xx.o
DMA2_Stream1_IRQHandler                           System\startup_stm32f429xx.o
DMA2_Stream2_IRQHandler                           System\startup_stm32f429xx.o
DMA2_Stream3_IRQHandler                           System\startup_stm32f429xx.o
DMA2_Stream4_IRQHandler                           System\startup_stm32f429xx.o
DMA2_Stream5_IRQHandler                           System\startup_stm32f429xx.o
DMA2_Stream6_IRQHandler                           System\startup_stm32f429xx.o
DMA2_Stream7_IRQHandler                           System\startup_stm32f429xx.o
DebugMon_Handler                                  System\startup_stm32f429xx.o
Default_Handler                                   System\startup_stm32f429xx.o
ETH_IRQHandler                                    System\startup_stm32f429xx.o
ETH_WKUP_IRQHandler                               System\startup_stm32f429xx.o
EXTI0_IRQHandler                                  System\startup_stm32f429xx.o
EXTI15_10_IRQHandler                              System\startup_stm32f429xx.o
EXTI1_IRQHandler                                  System\startup_stm32f429xx.o
EXTI2_IRQHandler                                  System\startup_stm32f429xx.o
EXTI3_IRQHandler                                  System\startup_stm32f429xx.o
EXTI4_IRQHandler                                  System\startup_stm32f429xx.o
EXTI9_5_IRQHandler                                System\startup_stm32f429xx.o
FLASH_IRQHandler                                  System\startup_stm32f429xx.o
FMC_IRQHandler                                    System\startup_stm32f429xx.o
FPU_IRQHandler                                    System\startup_stm32f429xx.o
HASH_RNG_IRQHandler                               System\startup_stm32f429xx.o
HardFault_Handler                                 System\startup_stm32f429xx.o
I2C1_ER_IRQHandler                                System\startup_stm32f429xx.o
I2C1_EV_IRQHandler                                System\startup_stm32f429xx.o
I2C2_ER_IRQHandler                                System\startup_stm32f429xx.o
I2C2_EV_IRQHandler                                System\startup_stm32f429xx.o
I2C3_ER_IRQHandler                                System\startup_stm32f429xx.o
I2C3_EV_IRQHandler                                System\startup_stm32f429xx.o
LTDC_ER_IRQHandler                                System\startup_stm32f429xx.o
LTDC_IRQHandler                                   System\startup_stm32f429xx.o
MemManage_Handler                                 System\startup_stm32f429xx.o
NMI_Handler                                       System\startup_stm32f429xx.o
OTG_FS_IRQHandler                                 System\startup_stm32f429xx.o
OTG_FS_WKUP_IRQHandler                            System\startup_stm32f429xx.o
OTG_HS_EP1_IN_IRQHandler                          System\startup_stm32f429xx.o
OTG_HS_EP1_OUT_IRQHandler                         System\startup_stm32f429xx.o
OTG_HS_IRQHandler                                 System\startup_stm32f429xx.o
OTG_HS_WKUP_IRQHandler                            System\startup_stm32f429xx.o
PVD_IRQHandler                                    System\startup_stm32f429xx.o
PendSV_Handler                                    System\startup_stm32f429xx.o
RCC_IRQHandler                                    System\startup_stm32f429xx.o
RTC_Alarm_IRQHandler                              System\startup_stm32f429xx.o
RTC_WKUP_IRQHandler                               System\startup_stm32f429xx.o
Reset_Handler                                     System\startup_stm32f429xx.o
SAI1_IRQHandler                                   System\startup_stm32f429xx.o
SDIO_IRQHandler                                   System\startup_stm32f429xx.o
SPI1_IRQHandler                                   System\startup_stm32f429xx.o
SPI2_IRQHandler                                   System\startup_stm32f429xx.o
SPI3_IRQHandler                                   System\startup_stm32f429xx.o
SPI4_IRQHandler                                   System\startup_stm32f429xx.o
SPI5_IRQHandler                                   System\startup_stm32f429xx.o
SPI6_IRQHandler                                   System\startup_stm32f429xx.o
SVC_Handler                                       System\startup_stm32f429xx.o
SysTick_Handler                                   System\startup_stm32f429xx.o
SystemCoreClock                                   CMSIS\src\system_stm32f4xx.o
SystemCoreClockUpdate                             CMSIS\src\system_stm32f4xx.o
SystemInit                                        CMSIS\src\system_stm32f4xx.o
                                                  System\startup_stm32f429xx.o
TAMP_STAMP_IRQHandler                             System\startup_stm32f429xx.o
TIM1_BRK_TIM9_IRQHandler                          System\startup_stm32f429xx.o
TIM1_CC_IRQHandler                                System\startup_stm32f429xx.o
TIM1_TRG_COM_TIM11_IRQHandler                     System\startup_stm32f429xx.o
TIM1_UP_TIM10_IRQHandler                          System\startup_stm32f429xx.o
TIM2_IRQHandler                                   System\startup_stm32f429xx.o
TIM3_IRQHandler                                   System\startup_stm32f429xx.o
TIM4_IRQHandler                                   System\startup_stm32f429xx.o
TIM5_IRQHandler                                   System\startup_stm32f429xx.o
TIM6_DAC_IRQHandler                               CODE\src\main.o
TIM7_IRQHandler                                   System\startup_stm32f429xx.o
TIM8_BRK_TIM12_IRQHandler                         System\startup_stm32f429xx.o
TIM8_CC_IRQHandler                                System\startup_stm32f429xx.o
TIM8_TRG_COM_TIM14_IRQHandler                     System\startup_stm32f429xx.o
TIM8_UP_TIM13_IRQHandler                          System\startup_stm32f429xx.o
UART4_IRQHandler                                  System\startup_stm32f429xx.o
UART5_IRQHandler                                  System\startup_stm32f429xx.o
UART7_IRQHandler                                  System\startup_stm32f429xx.o
UART8_IRQHandler                                  System\startup_stm32f429xx.o
USART1_IRQHandler                                 System\startup_stm32f429xx.o
USART2_IRQHandler                                 System\startup_stm32f429xx.o
USART3_IRQHandler                                 System\startup_stm32f429xx.o
USART6_IRQHandler                                 System\startup_stm32f429xx.o
UsageFault_Handler                                System\startup_stm32f429xx.o
WWDG_IRQHandler                                   System\startup_stm32f429xx.o
__deregister_frame_info                           c:/program files (x86)/atollic/truestudio for stm32 9.3.0/armtools/bin/../lib/gcc/arm-atollic-eabi/6.3.1/armv7e-m/fpu/crtbegin.o
__dso_handle                                      c:/program files (x86)/atollic/truestudio for stm32 9.3.0/armtools/bin/../lib/gcc/arm-atollic-eabi/6.3.1/armv7e-m/fpu/crtbegin.o
__env                                             CODE\src\syscalls.o
__init_array_end                                  c:/program files (x86)/atollic/truestudio for stm32 9.3.0/armtools/bin/../lib/gcc/arm-atollic-eabi/6.3.1/../../../../arm-atollic-eabi/lib/armv7e-m/fpu\libc_nano.a(lib_a-init.o)
__init_array_start                                c:/program files (x86)/atollic/truestudio for stm32 9.3.0/armtools/bin/../lib/gcc/arm-atollic-eabi/6.3.1/../../../../arm-atollic-eabi/lib/armv7e-m/fpu\libc_nano.a(lib_a-init.o)
__libc_init_array                                 c:/program files (x86)/atollic/truestudio for stm32 9.3.0/armtools/bin/../lib/gcc/arm-atollic-eabi/6.3.1/../../../../arm-atollic-eabi/lib/armv7e-m/fpu\libc_nano.a(lib_a-init.o)
                                                  System\startup_stm32f429xx.o
__malloc_free_list                                c:/program files (x86)/atollic/truestudio for stm32 9.3.0/armtools/bin/../lib/gcc/arm-atollic-eabi/6.3.1/../../../../arm-atollic-eabi/lib/armv7e-m/fpu\libc_nano.a(lib_a-nano-mallocr.o)
                                                  c:/program files (x86)/atollic/truestudio for stm32 9.3.0/armtools/bin/../lib/gcc/arm-atollic-eabi/6.3.1/../../../../arm-atollic-eabi/lib/armv7e-m/fpu\libc_nano.a(lib_a-nano-freer.o)
__malloc_lock                                     c:/program files (x86)/atollic/truestudio for stm32 9.3.0/armtools/bin/../lib/gcc/arm-atollic-eabi/6.3.1/../../../../arm-atollic-eabi/lib/armv7e-m/fpu\libc_nano.a(lib_a-mlock.o)
                                                  c:/program files (x86)/atollic/truestudio for stm32 9.3.0/armtools/bin/../lib/gcc/arm-atollic-eabi/6.3.1/../../../../arm-atollic-eabi/lib/armv7e-m/fpu\libc_nano.a(lib_a-nano-mallocr.o)
                                                  c:/program files (x86)/atollic/truestudio for stm32 9.3.0/armtools/bin/../lib/gcc/arm-atollic-eabi/6.3.1/../../../../arm-atollic-eabi/lib/armv7e-m/fpu\libc_nano.a(lib_a-nano-freer.o)
__malloc_sbrk_start                               c:/program files (x86)/atollic/truestudio for stm32 9.3.0/armtools/bin/../lib/gcc/arm-atollic-eabi/6.3.1/../../../../arm-atollic-eabi/lib/armv7e-m/fpu\libc_nano.a(lib_a-nano-mallocr.o)
__malloc_unlock                                   c:/program files (x86)/atollic/truestudio for stm32 9.3.0/armtools/bin/../lib/gcc/arm-atollic-eabi/6.3.1/../../../../arm-atollic-eabi/lib/armv7e-m/fpu\libc_nano.a(lib_a-mlock.o)
                                                  c:/program files (x86)/atollic/truestudio for stm32 9.3.0/armtools/bin/../lib/gcc/arm-atollic-eabi/6.3.1/../../../../arm-atollic-eabi/lib/armv7e-m/fpu\libc_nano.a(lib_a-nano-mallocr.o)
                                                  c:/program files (x86)/atollic/truestudio for stm32 9.3.0/armtools/bin/../lib/gcc/arm-atollic-eabi/6.3.1/../../../../arm-atollic-eabi/lib/armv7e-m/fpu\libc_nano.a(lib_a-nano-freer.o)
__preinit_array_end                               c:/program files (x86)/atollic/truestudio for stm32 9.3.0/armtools/bin/../lib/gcc/arm-atollic-eabi/6.3.1/../../../../arm-atollic-eabi/lib/armv7e-m/fpu\libc_nano.a(lib_a-init.o)
__preinit_array_start                             c:/program files (x86)/atollic/truestudio for stm32 9.3.0/armtools/bin/../lib/gcc/arm-atollic-eabi/6.3.1/../../../../arm-atollic-eabi/lib/armv7e-m/fpu\libc_nano.a(lib_a-init.o)
__register_frame_info                             c:/program files (x86)/atollic/truestudio for stm32 9.3.0/armtools/bin/../lib/gcc/arm-atollic-eabi/6.3.1/armv7e-m/fpu/crtbegin.o
__sf_fake_stderr                                  c:/program files (x86)/atollic/truestudio for stm32 9.3.0/armtools/bin/../lib/gcc/arm-atollic-eabi/6.3.1/../../../../arm-atollic-eabi/lib/armv7e-m/fpu\libc_nano.a(lib_a-impure.o)
__sf_fake_stdin                                   c:/program files (x86)/atollic/truestudio for stm32 9.3.0/armtools/bin/../lib/gcc/arm-atollic-eabi/6.3.1/../../../../arm-atollic-eabi/lib/armv7e-m/fpu\libc_nano.a(lib_a-impure.o)
__sf_fake_stdout                                  c:/program files (x86)/atollic/truestudio for stm32 9.3.0/armtools/bin/../lib/gcc/arm-atollic-eabi/6.3.1/../../../../arm-atollic-eabi/lib/armv7e-m/fpu\libc_nano.a(lib_a-impure.o)
_close                                            CODE\src\syscalls.o
_ebss                                             System\startup_stm32f429xx.o
_edata                                            System\startup_stm32f429xx.o
_estack                                           System\startup_stm32f429xx.o
_execve                                           CODE\src\syscalls.o
_exit                                             CODE\src\syscalls.o
_fini                                             c:/program files (x86)/atollic/truestudio for stm32 9.3.0/armtools/bin/../lib/gcc/arm-atollic-eabi/6.3.1/armv7e-m/fpu/crti.o
_fork                                             CODE\src\syscalls.o
_free_r                                           c:/program files (x86)/atollic/truestudio for stm32 9.3.0/armtools/bin/../lib/gcc/arm-atollic-eabi/6.3.1/../../../../arm-atollic-eabi/lib/armv7e-m/fpu\libc_nano.a(lib_a-nano-freer.o)
                                                  c:/program files (x86)/atollic/truestudio for stm32 9.3.0/armtools/bin/../lib/gcc/arm-atollic-eabi/6.3.1/../../../../arm-atollic-eabi/lib/armv7e-m/fpu\libc_nano.a(lib_a-reent.o)
_fstat                                            CODE\src\syscalls.o
_getpid                                           CODE\src\syscalls.o
_gettimeofday                                     CODE\src\syscalls.o
_global_impure_ptr                                c:/program files (x86)/atollic/truestudio for stm32 9.3.0/armtools/bin/../lib/gcc/arm-atollic-eabi/6.3.1/../../../../arm-atollic-eabi/lib/armv7e-m/fpu\libc_nano.a(lib_a-impure.o)
_impure_ptr                                       c:/program files (x86)/atollic/truestudio for stm32 9.3.0/armtools/bin/../lib/gcc/arm-atollic-eabi/6.3.1/../../../../arm-atollic-eabi/lib/armv7e-m/fpu\libc_nano.a(lib_a-impure.o)
                                                  c:/program files (x86)/atollic/truestudio for stm32 9.3.0/armtools/bin/../lib/gcc/arm-atollic-eabi/6.3.1/../../../../arm-atollic-eabi/lib/armv7e-m/fpu\libc_nano.a(lib_a-reent.o)
_init                                             c:/program files (x86)/atollic/truestudio for stm32 9.3.0/armtools/bin/../lib/gcc/arm-atollic-eabi/6.3.1/armv7e-m/fpu/crti.o
                                                  c:/program files (x86)/atollic/truestudio for stm32 9.3.0/armtools/bin/../lib/gcc/arm-atollic-eabi/6.3.1/../../../../arm-atollic-eabi/lib/armv7e-m/fpu\libc_nano.a(lib_a-init.o)
_isatty                                           CODE\src\syscalls.o
_kill                                             CODE\src\syscalls.o
_link                                             CODE\src\syscalls.o
_lseek                                            CODE\src\syscalls.o
_malloc_r                                         c:/program files (x86)/atollic/truestudio for stm32 9.3.0/armtools/bin/../lib/gcc/arm-atollic-eabi/6.3.1/../../../../arm-atollic-eabi/lib/armv7e-m/fpu\libc_nano.a(lib_a-nano-mallocr.o)
_open                                             CODE\src\syscalls.o
_read                                             CODE\src\syscalls.o
_readlink                                         CODE\src\syscalls.o
_reclaim_reent                                    c:/program files (x86)/atollic/truestudio for stm32 9.3.0/armtools/bin/../lib/gcc/arm-atollic-eabi/6.3.1/../../../../arm-atollic-eabi/lib/armv7e-m/fpu\libc_nano.a(lib_a-reent.o)
_sbrk                                             CODE\src\syscalls.o
                                                  c:/program files (x86)/atollic/truestudio for stm32 9.3.0/armtools/bin/../lib/gcc/arm-atollic-eabi/6.3.1/../../../../arm-atollic-eabi/lib/armv7e-m/fpu\libc_nano.a(lib_a-sbrkr.o)
_sbrk_r                                           c:/program files (x86)/atollic/truestudio for stm32 9.3.0/armtools/bin/../lib/gcc/arm-atollic-eabi/6.3.1/../../../../arm-atollic-eabi/lib/armv7e-m/fpu\libc_nano.a(lib_a-sbrkr.o)
                                                  c:/program files (x86)/atollic/truestudio for stm32 9.3.0/armtools/bin/../lib/gcc/arm-atollic-eabi/6.3.1/../../../../arm-atollic-eabi/lib/armv7e-m/fpu\libc_nano.a(lib_a-nano-mallocr.o)
_sbss                                             System\startup_stm32f429xx.o
_sdata                                            System\startup_stm32f429xx.o
_sidata                                           System\startup_stm32f429xx.o
_stat                                             CODE\src\syscalls.o
_symlink                                          CODE\src\syscalls.o
_times                                            CODE\src\syscalls.o
_unlink                                           CODE\src\syscalls.o
_wait                                             CODE\src\syscalls.o
_write                                            CODE\src\syscalls.o
cleanup_glue                                      c:/program files (x86)/atollic/truestudio for stm32 9.3.0/armtools/bin/../lib/gcc/arm-atollic-eabi/6.3.1/../../../../arm-atollic-eabi/lib/armv7e-m/fpu\libc_nano.a(lib_a-reent.o)
cnt                                               CODE\src\main.o
delay                                             CODE\src\main.o
end                                               CODE\src\syscalls.o
environ                                           CODE\src\syscalls.o
errno                                             c:/program files (x86)/atollic/truestudio for stm32 9.3.0/armtools/bin/../lib/gcc/arm-atollic-eabi/6.3.1/../../../../arm-atollic-eabi/lib/armv7e-m/fpu\libc_nano.a(lib_a-reent.o)
                                                  c:/program files (x86)/atollic/truestudio for stm32 9.3.0/armtools/bin/../lib/gcc/arm-atollic-eabi/6.3.1/../../../../arm-atollic-eabi/lib/armv7e-m/fpu\libc_nano.a(lib_a-sbrkr.o)
                                                  CODE\src\syscalls.o
g_pfnVectors                                      System\startup_stm32f429xx.o
initLeds                                          CODE\src\main.o
initTimer                                         CODE\src\main.o
initialise_monitor_handles                        CODE\src\syscalls.o
main                                              CODE\src\main.o
                                                  System\startup_stm32f429xx.o
