Archive member included to satisfy reference by file (symbol)

c:/program files (x86)/atollic/truestudio for stm32 9.3.0/armtools/bin/../lib/gcc/arm-atollic-eabi/6.3.1/../../../../arm-atollic-eabi/lib/armv7e-m/fpu\libc_nano.a(lib_a-init.o)
                              System\startup_stm32f429xx.o (__libc_init_array)

Memory Configuration

Name             Origin             Length             Attributes
RAM              0x20000000         0x00030000         xrw
CCMRAM           0x10000000         0x00010000         rw
FLASH            0x08000000         0x00200000         xr
*default*        0x00000000         0xffffffff

Linker script and memory map

LOAD c:/program files (x86)/atollic/truestudio for stm32 9.3.0/armtools/bin/../lib/gcc/arm-atollic-eabi/6.3.1/armv7e-m/fpu/crti.o
LOAD c:/program files (x86)/atollic/truestudio for stm32 9.3.0/armtools/bin/../lib/gcc/arm-atollic-eabi/6.3.1/armv7e-m/fpu/crtbegin.o
LOAD CMSIS\src\system_stm32f4xx.o
LOAD CODE\src\main.o
LOAD System\startup_stm32f429xx.o
                0x00000080                malloc_getpagesize_P = 0x80
START GROUP
LOAD c:/program files (x86)/atollic/truestudio for stm32 9.3.0/armtools/bin/../lib/gcc/arm-atollic-eabi/6.3.1/../../../../arm-atollic-eabi/lib/armv7e-m/fpu\libc_nano.a
LOAD c:/program files (x86)/atollic/truestudio for stm32 9.3.0/armtools/bin/../lib/gcc/arm-atollic-eabi/6.3.1/../../../../arm-atollic-eabi/lib/armv7e-m/fpu\libm.a
END GROUP
START GROUP
LOAD c:/program files (x86)/atollic/truestudio for stm32 9.3.0/armtools/bin/../lib/gcc/arm-atollic-eabi/6.3.1/armv7e-m/fpu\libgcc.a
LOAD c:/program files (x86)/atollic/truestudio for stm32 9.3.0/armtools/bin/../lib/gcc/arm-atollic-eabi/6.3.1/../../../../arm-atollic-eabi/lib/armv7e-m/fpu\libc_nano.a
END GROUP
START GROUP
LOAD c:/program files (x86)/atollic/truestudio for stm32 9.3.0/armtools/bin/../lib/gcc/arm-atollic-eabi/6.3.1/armv7e-m/fpu\libgcc.a
LOAD c:/program files (x86)/atollic/truestudio for stm32 9.3.0/armtools/bin/../lib/gcc/arm-atollic-eabi/6.3.1/../../../../arm-atollic-eabi/lib/armv7e-m/fpu\libc_nano.a
LOAD c:/program files (x86)/atollic/truestudio for stm32 9.3.0/armtools/bin/../lib/gcc/arm-atollic-eabi/6.3.1/../../../../arm-atollic-eabi/lib/armv7e-m/fpu\libnosys.a
END GROUP
START GROUP
LOAD c:/program files (x86)/atollic/truestudio for stm32 9.3.0/armtools/bin/../lib/gcc/arm-atollic-eabi/6.3.1/armv7e-m/fpu\libgcc.a
LOAD c:/program files (x86)/atollic/truestudio for stm32 9.3.0/armtools/bin/../lib/gcc/arm-atollic-eabi/6.3.1/../../../../arm-atollic-eabi/lib/armv7e-m/fpu\libc_nano.a
LOAD c:/program files (x86)/atollic/truestudio for stm32 9.3.0/armtools/bin/../lib/gcc/arm-atollic-eabi/6.3.1/../../../../arm-atollic-eabi/lib/armv7e-m/fpu\libnosys.a
END GROUP
LOAD c:/program files (x86)/atollic/truestudio for stm32 9.3.0/armtools/bin/../lib/gcc/arm-atollic-eabi/6.3.1/armv7e-m/fpu/crtend.o
LOAD c:/program files (x86)/atollic/truestudio for stm32 9.3.0/armtools/bin/../lib/gcc/arm-atollic-eabi/6.3.1/armv7e-m/fpu/crtn.o
                0x20030000                _estack = 0x20030000
                0x00000200                _Min_Heap_Size = 0x200
                0x00000400                _Min_Stack_Size = 0x400

.isr_vector     0x08000000      0x1ac
                0x08000000                . = ALIGN (0x4)
 *(.isr_vector)
 .isr_vector    0x08000000      0x1ac System\startup_stm32f429xx.o
                0x08000000                g_pfnVectors
                0x080001ac                . = ALIGN (0x4)

.text           0x080001ac      0x2d4
                0x080001ac                . = ALIGN (0x4)
 *(.text)
 .text          0x080001ac        0x0 c:/program files (x86)/atollic/truestudio for stm32 9.3.0/armtools/bin/../lib/gcc/arm-atollic-eabi/6.3.1/armv7e-m/fpu/crti.o
 .text          0x080001ac       0x40 c:/program files (x86)/atollic/truestudio for stm32 9.3.0/armtools/bin/../lib/gcc/arm-atollic-eabi/6.3.1/armv7e-m/fpu/crtbegin.o
 .text          0x080001ec      0x160 CMSIS\src\system_stm32f4xx.o
                0x080001ec                SystemInit
                0x08000258                SystemCoreClockUpdate
 .text          0x0800034c       0x68 CODE\src\main.o
                0x0800034c                main
 .text          0x080003b4       0x14 System\startup_stm32f429xx.o
 .text          0x080003c8        0x0 c:/program files (x86)/atollic/truestudio for stm32 9.3.0/armtools/bin/../lib/gcc/arm-atollic-eabi/6.3.1/../../../../arm-atollic-eabi/lib/armv7e-m/fpu\libc_nano.a(lib_a-init.o)
 .text          0x080003c8        0x0 c:/program files (x86)/atollic/truestudio for stm32 9.3.0/armtools/bin/../lib/gcc/arm-atollic-eabi/6.3.1/armv7e-m/fpu/crtend.o
 .text          0x080003c8        0x0 c:/program files (x86)/atollic/truestudio for stm32 9.3.0/armtools/bin/../lib/gcc/arm-atollic-eabi/6.3.1/armv7e-m/fpu/crtn.o
 *(.text*)
 .text.Reset_Handler
                0x080003c8       0x50 System\startup_stm32f429xx.o
                0x080003c8                Reset_Handler
 .text.Default_Handler
                0x08000418        0x2 System\startup_stm32f429xx.o
                0x08000418                RTC_Alarm_IRQHandler
                0x08000418                HASH_RNG_IRQHandler
                0x08000418                EXTI2_IRQHandler
                0x08000418                TIM8_CC_IRQHandler
                0x08000418                DebugMon_Handler
                0x08000418                UART8_IRQHandler
                0x08000418                SPI4_IRQHandler
                0x08000418                TIM1_CC_IRQHandler
                0x08000418                DMA2_Stream5_IRQHandler
                0x08000418                HardFault_Handler
                0x08000418                DMA1_Stream5_IRQHandler
                0x08000418                SysTick_Handler
                0x08000418                PVD_IRQHandler
                0x08000418                SDIO_IRQHandler
                0x08000418                TAMP_STAMP_IRQHandler
                0x08000418                PendSV_Handler
                0x08000418                NMI_Handler
                0x08000418                CAN2_RX1_IRQHandler
                0x08000418                EXTI3_IRQHandler
                0x08000418                TIM8_TRG_COM_TIM14_IRQHandler
                0x08000418                TIM1_UP_TIM10_IRQHandler
                0x08000418                TIM8_UP_TIM13_IRQHandler
                0x08000418                I2C3_ER_IRQHandler
                0x08000418                EXTI0_IRQHandler
                0x08000418                I2C2_EV_IRQHandler
                0x08000418                DMA1_Stream2_IRQHandler
                0x08000418                CAN1_RX0_IRQHandler
                0x08000418                FPU_IRQHandler
                0x08000418                OTG_HS_WKUP_IRQHandler
                0x08000418                UsageFault_Handler
                0x08000418                LTDC_ER_IRQHandler
                0x08000418                CAN2_SCE_IRQHandler
                0x08000418                DMA2_Stream2_IRQHandler
                0x08000418                SPI1_IRQHandler
                0x08000418                TIM6_DAC_IRQHandler
                0x08000418                TIM1_BRK_TIM9_IRQHandler
                0x08000418                DCMI_IRQHandler
                0x08000418                CAN2_RX0_IRQHandler
                0x08000418                DMA2_Stream3_IRQHandler
                0x08000418                USART6_IRQHandler
                0x08000418                USART3_IRQHandler
                0x08000418                CAN1_RX1_IRQHandler
                0x08000418                UART5_IRQHandler
                0x08000418                DMA2_Stream0_IRQHandler
                0x08000418                TIM4_IRQHandler
                0x08000418                I2C1_EV_IRQHandler
                0x08000418                DMA1_Stream6_IRQHandler
                0x08000418                DMA1_Stream1_IRQHandler
                0x08000418                UART4_IRQHandler
                0x08000418                TIM3_IRQHandler
                0x08000418                RCC_IRQHandler
                0x08000418                TIM8_BRK_TIM12_IRQHandler
                0x08000418                Default_Handler
                0x08000418                EXTI15_10_IRQHandler
                0x08000418                ADC_IRQHandler
                0x08000418                DMA1_Stream7_IRQHandler
                0x08000418                SPI5_IRQHandler
                0x08000418                TIM7_IRQHandler
                0x08000418                CAN2_TX_IRQHandler
                0x08000418                TIM5_IRQHandler
                0x08000418                DMA2_Stream7_IRQHandler
                0x08000418                I2C3_EV_IRQHandler
                0x08000418                EXTI9_5_IRQHandler
                0x08000418                RTC_WKUP_IRQHandler
                0x08000418                LTDC_IRQHandler
                0x08000418                ETH_WKUP_IRQHandler
                0x08000418                SPI2_IRQHandler
                0x08000418                OTG_HS_EP1_IN_IRQHandler
                0x08000418                MemManage_Handler
                0x08000418                DMA1_Stream0_IRQHandler
                0x08000418                CAN1_TX_IRQHandler
                0x08000418                SVC_Handler
                0x08000418                EXTI4_IRQHandler
                0x08000418                ETH_IRQHandler
                0x08000418                OTG_HS_EP1_OUT_IRQHandler
                0x08000418                WWDG_IRQHandler
                0x08000418                SPI6_IRQHandler
                0x08000418                TIM2_IRQHandler
                0x08000418                OTG_FS_WKUP_IRQHandler
                0x08000418                TIM1_TRG_COM_TIM11_IRQHandler
                0x08000418                OTG_HS_IRQHandler
                0x08000418                DMA2D_IRQHandler
                0x08000418                EXTI1_IRQHandler
                0x08000418                UART7_IRQHandler
                0x08000418                USART2_IRQHandler
                0x08000418                I2C2_ER_IRQHandler
                0x08000418                DMA2_Stream1_IRQHandler
                0x08000418                CAN1_SCE_IRQHandler
                0x08000418                FLASH_IRQHandler
                0x08000418                DMA2_Stream4_IRQHandler
                0x08000418                BusFault_Handler
                0x08000418                USART1_IRQHandler
                0x08000418                OTG_FS_IRQHandler
                0x08000418                SPI3_IRQHandler
                0x08000418                DMA1_Stream4_IRQHandler
                0x08000418                I2C1_ER_IRQHandler
                0x08000418                FMC_IRQHandler
                0x08000418                DMA2_Stream6_IRQHandler
                0x08000418                SAI1_IRQHandler
                0x08000418                DMA1_Stream3_IRQHandler
 *fill*         0x0800041a        0x2 
 .text.__libc_init_array
                0x0800041c       0x48 c:/program files (x86)/atollic/truestudio for stm32 9.3.0/armtools/bin/../lib/gcc/arm-atollic-eabi/6.3.1/../../../../arm-atollic-eabi/lib/armv7e-m/fpu\libc_nano.a(lib_a-init.o)
                0x0800041c                __libc_init_array
 *(.glue_7)
 .glue_7        0x08000464        0x0 linker stubs
 *(.glue_7t)
 .glue_7t       0x08000464        0x0 linker stubs
 *(.eh_frame)
 .eh_frame      0x08000464        0x0 c:/program files (x86)/atollic/truestudio for stm32 9.3.0/armtools/bin/../lib/gcc/arm-atollic-eabi/6.3.1/armv7e-m/fpu/crtbegin.o
 .eh_frame      0x08000464        0x4 c:/program files (x86)/atollic/truestudio for stm32 9.3.0/armtools/bin/../lib/gcc/arm-atollic-eabi/6.3.1/armv7e-m/fpu/crtend.o
 *(.init)
 .init          0x08000468        0x4 c:/program files (x86)/atollic/truestudio for stm32 9.3.0/armtools/bin/../lib/gcc/arm-atollic-eabi/6.3.1/armv7e-m/fpu/crti.o
                0x08000468                _init
 .init          0x0800046c        0x8 c:/program files (x86)/atollic/truestudio for stm32 9.3.0/armtools/bin/../lib/gcc/arm-atollic-eabi/6.3.1/armv7e-m/fpu/crtn.o
 *(.fini)
 .fini          0x08000474        0x4 c:/program files (x86)/atollic/truestudio for stm32 9.3.0/armtools/bin/../lib/gcc/arm-atollic-eabi/6.3.1/armv7e-m/fpu/crti.o
                0x08000474                _fini
 .fini          0x08000478        0x8 c:/program files (x86)/atollic/truestudio for stm32 9.3.0/armtools/bin/../lib/gcc/arm-atollic-eabi/6.3.1/armv7e-m/fpu/crtn.o
                0x08000480                . = ALIGN (0x4)
                0x08000480                _etext = .

.vfp11_veneer   0x08000480        0x0
 .vfp11_veneer  0x08000480        0x0 linker stubs

.v4_bx          0x08000480        0x0
 .v4_bx         0x08000480        0x0 linker stubs

.iplt           0x08000480        0x0
 .iplt          0x08000480        0x0 c:/program files (x86)/atollic/truestudio for stm32 9.3.0/armtools/bin/../lib/gcc/arm-atollic-eabi/6.3.1/armv7e-m/fpu/crtbegin.o

.rodata         0x08000480       0x18
                0x08000480                . = ALIGN (0x4)
 *(.rodata)
 .rodata        0x08000480       0x18 CMSIS\src\system_stm32f4xx.o
                0x08000480                AHBPrescTable
                0x08000490                APBPrescTable
 *(.rodata*)
                0x08000498                . = ALIGN (0x4)

.rel.dyn        0x08000498        0x0
 .rel.iplt      0x08000498        0x0 c:/program files (x86)/atollic/truestudio for stm32 9.3.0/armtools/bin/../lib/gcc/arm-atollic-eabi/6.3.1/armv7e-m/fpu/crtbegin.o

.ARM.extab
 *(.ARM.extab* .gnu.linkonce.armextab.*)

.ARM            0x08000498        0x0
                0x08000498                __exidx_start = .
 *(.ARM.exidx*)
                0x08000498                __exidx_end = .

.preinit_array  0x08000498        0x0
                0x08000498                PROVIDE (__preinit_array_start, .)
 *(.preinit_array*)
                0x08000498                PROVIDE (__preinit_array_end, .)

.init_array     0x08000498        0x4
                0x08000498                PROVIDE (__init_array_start, .)
 *(SORT(.init_array.*))
 *(.init_array*)
 .init_array    0x08000498        0x4 c:/program files (x86)/atollic/truestudio for stm32 9.3.0/armtools/bin/../lib/gcc/arm-atollic-eabi/6.3.1/armv7e-m/fpu/crtbegin.o
                0x0800049c                PROVIDE (__init_array_end, .)

.fini_array     0x0800049c        0x4
                [!provide]                PROVIDE (__fini_array_start, .)
 *(SORT(.fini_array.*))
 *(.fini_array*)
 .fini_array    0x0800049c        0x4 c:/program files (x86)/atollic/truestudio for stm32 9.3.0/armtools/bin/../lib/gcc/arm-atollic-eabi/6.3.1/armv7e-m/fpu/crtbegin.o
                [!provide]                PROVIDE (__fini_array_end, .)
                0x080004a0                _sidata = LOADADDR (.data)

.data           0x20000000        0x8 load address 0x080004a0
                0x20000000                . = ALIGN (0x4)
                0x20000000                _sdata = .
 *(.data)
 .data          0x20000000        0x0 c:/program files (x86)/atollic/truestudio for stm32 9.3.0/armtools/bin/../lib/gcc/arm-atollic-eabi/6.3.1/armv7e-m/fpu/crti.o
 .data          0x20000000        0x4 c:/program files (x86)/atollic/truestudio for stm32 9.3.0/armtools/bin/../lib/gcc/arm-atollic-eabi/6.3.1/armv7e-m/fpu/crtbegin.o
                0x20000000                __dso_handle
 .data          0x20000004        0x4 CMSIS\src\system_stm32f4xx.o
                0x20000004                SystemCoreClock
 .data          0x20000008        0x0 CODE\src\main.o
 .data          0x20000008        0x0 System\startup_stm32f429xx.o
 .data          0x20000008        0x0 c:/program files (x86)/atollic/truestudio for stm32 9.3.0/armtools/bin/../lib/gcc/arm-atollic-eabi/6.3.1/../../../../arm-atollic-eabi/lib/armv7e-m/fpu\libc_nano.a(lib_a-init.o)
 .data          0x20000008        0x0 c:/program files (x86)/atollic/truestudio for stm32 9.3.0/armtools/bin/../lib/gcc/arm-atollic-eabi/6.3.1/armv7e-m/fpu/crtend.o
 .data          0x20000008        0x0 c:/program files (x86)/atollic/truestudio for stm32 9.3.0/armtools/bin/../lib/gcc/arm-atollic-eabi/6.3.1/armv7e-m/fpu/crtn.o
 *(.data*)
                0x20000008                . = ALIGN (0x4)
                0x20000008                _edata = .
                0x080004a8                _siccmram = LOADADDR (.ccmram)

.igot.plt       0x20000008        0x0 load address 0x080004a8
 .igot.plt      0x20000008        0x0 c:/program files (x86)/atollic/truestudio for stm32 9.3.0/armtools/bin/../lib/gcc/arm-atollic-eabi/6.3.1/armv7e-m/fpu/crtbegin.o

.ccmram         0x10000000        0x0 load address 0x080004a8
                0x10000000                . = ALIGN (0x4)
                0x10000000                _sccmram = .
 *(.ccmram)
 *(.ccmram*)
                0x10000000                . = ALIGN (0x4)
                0x10000000                _eccmram = .
                0x10000000                . = ALIGN (0x4)

.bss            0x20000008       0x1c
                0x20000008                _sbss = .
                0x20000008                __bss_start__ = _sbss
 *(.bss)
 .bss           0x20000008        0x0 c:/program files (x86)/atollic/truestudio for stm32 9.3.0/armtools/bin/../lib/gcc/arm-atollic-eabi/6.3.1/armv7e-m/fpu/crti.o
 .bss           0x20000008       0x1c c:/program files (x86)/atollic/truestudio for stm32 9.3.0/armtools/bin/../lib/gcc/arm-atollic-eabi/6.3.1/armv7e-m/fpu/crtbegin.o
 .bss           0x20000024        0x0 CMSIS\src\system_stm32f4xx.o
 .bss           0x20000024        0x0 CODE\src\main.o
 .bss           0x20000024        0x0 System\startup_stm32f429xx.o
 .bss           0x20000024        0x0 c:/program files (x86)/atollic/truestudio for stm32 9.3.0/armtools/bin/../lib/gcc/arm-atollic-eabi/6.3.1/../../../../arm-atollic-eabi/lib/armv7e-m/fpu\libc_nano.a(lib_a-init.o)
 .bss           0x20000024        0x0 c:/program files (x86)/atollic/truestudio for stm32 9.3.0/armtools/bin/../lib/gcc/arm-atollic-eabi/6.3.1/armv7e-m/fpu/crtend.o
 .bss           0x20000024        0x0 c:/program files (x86)/atollic/truestudio for stm32 9.3.0/armtools/bin/../lib/gcc/arm-atollic-eabi/6.3.1/armv7e-m/fpu/crtn.o
 *(.bss*)
 *(COMMON)
                0x20000024                . = ALIGN (0x4)
                0x20000024                _ebss = .
                0x20000024                __bss_end__ = _ebss

._user_heap_stack
                0x20000024      0x604
                0x20000028                . = ALIGN (0x8)
 *fill*         0x20000024        0x4 
                [!provide]                PROVIDE (end, .)
                [!provide]                PROVIDE (_end, .)
                0x20000228                . = (. + _Min_Heap_Size)
 *fill*         0x20000028      0x200 
                0x20000628                . = (. + _Min_Stack_Size)
 *fill*         0x20000228      0x400 
                0x20000628                . = ALIGN (0x8)

/DISCARD/
 libc.a(*)
 libm.a(*)
 libgcc.a(*)

.ARM.attributes
                0x00000000       0x30
 *(.ARM.attributes)
 .ARM.attributes
                0x00000000       0x22 c:/program files (x86)/atollic/truestudio for stm32 9.3.0/armtools/bin/../lib/gcc/arm-atollic-eabi/6.3.1/armv7e-m/fpu/crti.o
 .ARM.attributes
                0x00000022       0x34 c:/program files (x86)/atollic/truestudio for stm32 9.3.0/armtools/bin/../lib/gcc/arm-atollic-eabi/6.3.1/armv7e-m/fpu/crtbegin.o
 .ARM.attributes
                0x00000056       0x39 CMSIS\src\system_stm32f4xx.o
 .ARM.attributes
                0x0000008f       0x39 CODE\src\main.o
 .ARM.attributes
                0x000000c8       0x21 System\startup_stm32f429xx.o
 .ARM.attributes
                0x000000e9       0x34 c:/program files (x86)/atollic/truestudio for stm32 9.3.0/armtools/bin/../lib/gcc/arm-atollic-eabi/6.3.1/../../../../arm-atollic-eabi/lib/armv7e-m/fpu\libc_nano.a(lib_a-init.o)
 .ARM.attributes
                0x0000011d       0x34 c:/program files (x86)/atollic/truestudio for stm32 9.3.0/armtools/bin/../lib/gcc/arm-atollic-eabi/6.3.1/armv7e-m/fpu/crtend.o
 .ARM.attributes
                0x00000151       0x22 c:/program files (x86)/atollic/truestudio for stm32 9.3.0/armtools/bin/../lib/gcc/arm-atollic-eabi/6.3.1/armv7e-m/fpu/crtn.o
OUTPUT(Test.elf elf32-littlearm)

.debug_info     0x00000000      0x915
 .debug_info    0x00000000      0x518 CMSIS\src\system_stm32f4xx.o
 .debug_info    0x00000518      0x395 CODE\src\main.o
 .debug_info    0x000008ad       0x68 System\startup_stm32f429xx.o

.debug_abbrev   0x00000000      0x1e9
 .debug_abbrev  0x00000000      0x10e CMSIS\src\system_stm32f4xx.o
 .debug_abbrev  0x0000010e       0xc9 CODE\src\main.o
 .debug_abbrev  0x000001d7       0x12 System\startup_stm32f429xx.o

.debug_aranges  0x00000000       0x68
 .debug_aranges
                0x00000000       0x20 CMSIS\src\system_stm32f4xx.o
 .debug_aranges
                0x00000020       0x20 CODE\src\main.o
 .debug_aranges
                0x00000040       0x28 System\startup_stm32f429xx.o

.debug_line     0x00000000      0x3ba
 .debug_line    0x00000000      0x1b3 CMSIS\src\system_stm32f4xx.o
 .debug_line    0x000001b3      0x189 CODE\src\main.o
 .debug_line    0x0000033c       0x7e System\startup_stm32f429xx.o

.debug_str      0x00000000      0x37c
 .debug_str     0x00000000      0x332 CMSIS\src\system_stm32f4xx.o
                                0x384 (size before relaxing)
 .debug_str     0x00000332       0x4a CODE\src\main.o
                                0x31e (size before relaxing)

.comment        0x00000000       0x7c
 .comment       0x00000000       0x7c CMSIS\src\system_stm32f4xx.o
                                 0x7d (size before relaxing)
 .comment       0x0000007c       0x7d CODE\src\main.o

.debug_frame    0x00000000       0xac
 .debug_frame   0x00000000       0x58 CMSIS\src\system_stm32f4xx.o
 .debug_frame   0x00000058       0x28 CODE\src\main.o
 .debug_frame   0x00000080       0x2c c:/program files (x86)/atollic/truestudio for stm32 9.3.0/armtools/bin/../lib/gcc/arm-atollic-eabi/6.3.1/../../../../arm-atollic-eabi/lib/armv7e-m/fpu\libc_nano.a(lib_a-init.o)

.debug_ranges   0x00000000       0x20
 .debug_ranges  0x00000000       0x20 System\startup_stm32f429xx.o

Cross Reference Table

Symbol                                            File
ADC_IRQHandler                                    System\startup_stm32f429xx.o
AHBPrescTable                                     CMSIS\src\system_stm32f4xx.o
APBPrescTable                                     CMSIS\src\system_stm32f4xx.o
BusFault_Handler                                  System\startup_stm32f429xx.o
CAN1_RX0_IRQHandler                               System\startup_stm32f429xx.o
CAN1_RX1_IRQHandler                               System\startup_stm32f429xx.o
CAN1_SCE_IRQHandler                               System\startup_stm32f429xx.o
CAN1_TX_IRQHandler                                System\startup_stm32f429xx.o
CAN2_RX0_IRQHandler                               System\startup_stm32f429xx.o
CAN2_RX1_IRQHandler                               System\startup_stm32f429xx.o
CAN2_SCE_IRQHandler                               System\startup_stm32f429xx.o
CAN2_TX_IRQHandler                                System\startup_stm32f429xx.o
DCMI_IRQHandler                                   System\startup_stm32f429xx.o
DMA1_Stream0_IRQHandler                           System\startup_stm32f429xx.o
DMA1_Stream1_IRQHandler                           System\startup_stm32f429xx.o
DMA1_Stream2_IRQHandler                           System\startup_stm32f429xx.o
DMA1_Stream3_IRQHandler                           System\startup_stm32f429xx.o
DMA1_Stream4_IRQHandler                           System\startup_stm32f429xx.o
DMA1_Stream5_IRQHandler                           System\startup_stm32f429xx.o
DMA1_Stream6_IRQHandler                           System\startup_stm32f429xx.o
DMA1_Stream7_IRQHandler                           System\startup_stm32f429xx.o
DMA2D_IRQHandler                                  System\startup_stm32f429xx.o
DMA2_Stream0_IRQHandler                           System\startup_stm32f429xx.o
DMA2_Stream1_IRQHandler                           System\startup_stm32f429xx.o
DMA2_Stream2_IRQHandler                           System\startup_stm32f429xx.o
DMA2_Stream3_IRQHandler                           System\startup_stm32f429xx.o
DMA2_Stream4_IRQHandler                           System\startup_stm32f429xx.o
DMA2_Stream5_IRQHandler                           System\startup_stm32f429xx.o
DMA2_Stream6_IRQHandler                           System\startup_stm32f429xx.o
DMA2_Stream7_IRQHandler                           System\startup_stm32f429xx.o
DebugMon_Handler                                  System\startup_stm32f429xx.o
Default_Handler                                   System\startup_stm32f429xx.o
ETH_IRQHandler                                    System\startup_stm32f429xx.o
ETH_WKUP_IRQHandler                               System\startup_stm32f429xx.o
EXTI0_IRQHandler                                  System\startup_stm32f429xx.o
EXTI15_10_IRQHandler                              System\startup_stm32f429xx.o
EXTI1_IRQHandler                                  System\startup_stm32f429xx.o
EXTI2_IRQHandler                                  System\startup_stm32f429xx.o
EXTI3_IRQHandler                                  System\startup_stm32f429xx.o
EXTI4_IRQHandler                                  System\startup_stm32f429xx.o
EXTI9_5_IRQHandler                                System\startup_stm32f429xx.o
FLASH_IRQHandler                                  System\startup_stm32f429xx.o
FMC_IRQHandler                                    System\startup_stm32f429xx.o
FPU_IRQHandler                                    System\startup_stm32f429xx.o
HASH_RNG_IRQHandler                               System\startup_stm32f429xx.o
HardFault_Handler                                 System\startup_stm32f429xx.o
I2C1_ER_IRQHandler                                System\startup_stm32f429xx.o
I2C1_EV_IRQHandler                                System\startup_stm32f429xx.o
I2C2_ER_IRQHandler                                System\startup_stm32f429xx.o
I2C2_EV_IRQHandler                                System\startup_stm32f429xx.o
I2C3_ER_IRQHandler                                System\startup_stm32f429xx.o
I2C3_EV_IRQHandler                                System\startup_stm32f429xx.o
LTDC_ER_IRQHandler                                System\startup_stm32f429xx.o
LTDC_IRQHandler                                   System\startup_stm32f429xx.o
MemManage_Handler                                 System\startup_stm32f429xx.o
NMI_Handler                                       System\startup_stm32f429xx.o
OTG_FS_IRQHandler                                 System\startup_stm32f429xx.o
OTG_FS_WKUP_IRQHandler                            System\startup_stm32f429xx.o
OTG_HS_EP1_IN_IRQHandler                          System\startup_stm32f429xx.o
OTG_HS_EP1_OUT_IRQHandler                         System\startup_stm32f429xx.o
OTG_HS_IRQHandler                                 System\startup_stm32f429xx.o
OTG_HS_WKUP_IRQHandler                            System\startup_stm32f429xx.o
PVD_IRQHandler                                    System\startup_stm32f429xx.o
PendSV_Handler                                    System\startup_stm32f429xx.o
RCC_IRQHandler                                    System\startup_stm32f429xx.o
RTC_Alarm_IRQHandler                              System\startup_stm32f429xx.o
RTC_WKUP_IRQHandler                               System\startup_stm32f429xx.o
Reset_Handler                                     System\startup_stm32f429xx.o
SAI1_IRQHandler                                   System\startup_stm32f429xx.o
SDIO_IRQHandler                                   System\startup_stm32f429xx.o
SPI1_IRQHandler                                   System\startup_stm32f429xx.o
SPI2_IRQHandler                                   System\startup_stm32f429xx.o
SPI3_IRQHandler                                   System\startup_stm32f429xx.o
SPI4_IRQHandler                                   System\startup_stm32f429xx.o
SPI5_IRQHandler                                   System\startup_stm32f429xx.o
SPI6_IRQHandler                                   System\startup_stm32f429xx.o
SVC_Handler                                       System\startup_stm32f429xx.o
SysTick_Handler                                   System\startup_stm32f429xx.o
SystemCoreClock                                   CMSIS\src\system_stm32f4xx.o
SystemCoreClockUpdate                             CMSIS\src\system_stm32f4xx.o
SystemInit                                        CMSIS\src\system_stm32f4xx.o
                                                  System\startup_stm32f429xx.o
TAMP_STAMP_IRQHandler                             System\startup_stm32f429xx.o
TIM1_BRK_TIM9_IRQHandler                          System\startup_stm32f429xx.o
TIM1_CC_IRQHandler                                System\startup_stm32f429xx.o
TIM1_TRG_COM_TIM11_IRQHandler                     System\startup_stm32f429xx.o
TIM1_UP_TIM10_IRQHandler                          System\startup_stm32f429xx.o
TIM2_IRQHandler                                   System\startup_stm32f429xx.o
TIM3_IRQHandler                                   System\startup_stm32f429xx.o
TIM4_IRQHandler                                   System\startup_stm32f429xx.o
TIM5_IRQHandler                                   System\startup_stm32f429xx.o
TIM6_DAC_IRQHandler                               System\startup_stm32f429xx.o
TIM7_IRQHandler                                   System\startup_stm32f429xx.o
TIM8_BRK_TIM12_IRQHandler                         System\startup_stm32f429xx.o
TIM8_CC_IRQHandler                                System\startup_stm32f429xx.o
TIM8_TRG_COM_TIM14_IRQHandler                     System\startup_stm32f429xx.o
TIM8_UP_TIM13_IRQHandler                          System\startup_stm32f429xx.o
UART4_IRQHandler                                  System\startup_stm32f429xx.o
UART5_IRQHandler                                  System\startup_stm32f429xx.o
UART7_IRQHandler                                  System\startup_stm32f429xx.o
UART8_IRQHandler                                  System\startup_stm32f429xx.o
USART1_IRQHandler                                 System\startup_stm32f429xx.o
USART2_IRQHandler                                 System\startup_stm32f429xx.o
USART3_IRQHandler                                 System\startup_stm32f429xx.o
USART6_IRQHandler                                 System\startup_stm32f429xx.o
UsageFault_Handler                                System\startup_stm32f429xx.o
WWDG_IRQHandler                                   System\startup_stm32f429xx.o
__deregister_frame_info                           c:/program files (x86)/atollic/truestudio for stm32 9.3.0/armtools/bin/../lib/gcc/arm-atollic-eabi/6.3.1/armv7e-m/fpu/crtbegin.o
__dso_handle                                      c:/program files (x86)/atollic/truestudio for stm32 9.3.0/armtools/bin/../lib/gcc/arm-atollic-eabi/6.3.1/armv7e-m/fpu/crtbegin.o
__init_array_end                                  c:/program files (x86)/atollic/truestudio for stm32 9.3.0/armtools/bin/../lib/gcc/arm-atollic-eabi/6.3.1/../../../../arm-atollic-eabi/lib/armv7e-m/fpu\libc_nano.a(lib_a-init.o)
__init_array_start                                c:/program files (x86)/atollic/truestudio for stm32 9.3.0/armtools/bin/../lib/gcc/arm-atollic-eabi/6.3.1/../../../../arm-atollic-eabi/lib/armv7e-m/fpu\libc_nano.a(lib_a-init.o)
__libc_init_array                                 c:/program files (x86)/atollic/truestudio for stm32 9.3.0/armtools/bin/../lib/gcc/arm-atollic-eabi/6.3.1/../../../../arm-atollic-eabi/lib/armv7e-m/fpu\libc_nano.a(lib_a-init.o)
                                                  System\startup_stm32f429xx.o
__preinit_array_end                               c:/program files (x86)/atollic/truestudio for stm32 9.3.0/armtools/bin/../lib/gcc/arm-atollic-eabi/6.3.1/../../../../arm-atollic-eabi/lib/armv7e-m/fpu\libc_nano.a(lib_a-init.o)
__preinit_array_start                             c:/program files (x86)/atollic/truestudio for stm32 9.3.0/armtools/bin/../lib/gcc/arm-atollic-eabi/6.3.1/../../../../arm-atollic-eabi/lib/armv7e-m/fpu\libc_nano.a(lib_a-init.o)
__register_frame_info                             c:/program files (x86)/atollic/truestudio for stm32 9.3.0/armtools/bin/../lib/gcc/arm-atollic-eabi/6.3.1/armv7e-m/fpu/crtbegin.o
_ebss                                             System\startup_stm32f429xx.o
_edata                                            System\startup_stm32f429xx.o
_estack                                           System\startup_stm32f429xx.o
_fini                                             c:/program files (x86)/atollic/truestudio for stm32 9.3.0/armtools/bin/../lib/gcc/arm-atollic-eabi/6.3.1/armv7e-m/fpu/crti.o
_init                                             c:/program files (x86)/atollic/truestudio for stm32 9.3.0/armtools/bin/../lib/gcc/arm-atollic-eabi/6.3.1/armv7e-m/fpu/crti.o
                                                  c:/program files (x86)/atollic/truestudio for stm32 9.3.0/armtools/bin/../lib/gcc/arm-atollic-eabi/6.3.1/../../../../arm-atollic-eabi/lib/armv7e-m/fpu\libc_nano.a(lib_a-init.o)
_sbss                                             System\startup_stm32f429xx.o
_sdata                                            System\startup_stm32f429xx.o
_sidata                                           System\startup_stm32f429xx.o
g_pfnVectors                                      System\startup_stm32f429xx.o
main                                              CODE\src\main.o
                                                  System\startup_stm32f429xx.o
